<?xml version="1.0" encoding="UTF-8"?>
<testsuites name="Mocha Tests" time="0.8109999999999999" tests="2" failures="0">
  <testsuite name="Root Suite" timestamp="2017-11-19T18:56:21" tests="0" failures="0" time="0">
  </testsuite>
  <testsuite name="Validate Article functionality" timestamp="2017-11-19T18:56:21" tests="1" file="/Users/zhenyu/COMP531/assignment/backend_app/src/articles.spec.js" failures="0" time="0.615">
    <testcase name="Validate Article functionality post a new article increase the number of articles by one" time="0.615" classname="post a new article increase the number of articles by one">
    </testcase>
  </testsuite>
  <testsuite name="Headline put test" timestamp="2017-11-19T18:56:22" tests="1" file="/Users/zhenyu/COMP531/assignment/backend_app/src/profile.spec.js" failures="0" time="0.196">
    <testcase name="Headline put test should update the headline" time="0.196" classname="should update the headline">
    </testcase>
  </testsuite>
</testsuites>