<?xml version="1.0" encoding="UTF-8"?>
<testsuites name="Mocha Tests" time="0.863" tests="2" failures="0">
  <testsuite name="Root Suite" timestamp="2017-11-18T18:07:17" tests="0" failures="0" time="0">
  </testsuite>
  <testsuite name="Validate Article functionality" timestamp="2017-11-18T18:07:17" tests="1" file="/Users/zhenyu/COMP531/assignment/backend_app/src/articles.spec.js" failures="0" time="0.656">
    <testcase name="Validate Article functionality post a new article increase the number of articles by one" time="0.656" classname="post a new article increase the number of articles by one">
    </testcase>
  </testsuite>
  <testsuite name="Headline put test" timestamp="2017-11-18T18:07:18" tests="1" file="/Users/zhenyu/COMP531/assignment/backend_app/src/profile.spec.js" failures="0" time="0.207">
    <testcase name="Headline put test should update the headline" time="0.207" classname="should update the headline">
    </testcase>
  </testsuite>
</testsuites>